1.0 + 2.0 = 3.0
45.0 + 55.0 = 100.0
1.0 + 2.0 = 3.0
1.0 + 4.0 = 5.0
1.0 + 2.0 = 3.0
30.0 - 10.0 = 20.0
10.0 / 2.0 = 5.0
20.1 * 10.0 = 201.0
2.0 ^ 10.0 = 1024.0
30.0 + 50.0 = 80.0
sum(1.0) = 1.0
sum(1.0, 2.0) = 3.0
sum(1.0, 2.0, 3.0, 4.0) = 10.0
sum(1.0, 2.0, -1.0, -12.0) = -10.0
inv(1.0) = 1.0
inv(2.0) = 0.5
avg(2.0, 4.0) = 3.0
avg(2.0) = 2.0
avg(3.4, 5.6, 4.6) = 4.5
